###############################################################################
#
# IAR ELF Linker V9.20.1.318/W64 for ARM                  23/Jun/2023  16:23:00
# Copyright 2007-2021 IAR Systems AB.
#
#    Output file  =
#        e:\IAR
#        projects\STM32F4xx\LCD1602_I2C\EWARM\LCD1602_I2C\Exe\LCD1602_I2C.out
#    Map file     =
#        e:\IAR
#        projects\STM32F4xx\LCD1602_I2C\EWARM\LCD1602_I2C\List\LCD1602_I2C.map
#    Command line =
#        -f "e:\IAR
#        projects\STM32F4xx\LCD1602_I2C\EWARM\LCD1602_I2C\Exe\LCD1602_I2C.out.rsp"
#        ("e:\IAR
#        projects\STM32F4xx\LCD1602_I2C\EWARM\LCD1602_I2C\Obj\Application\User\Core\gpio.o"
#        "e:\IAR
#        projects\STM32F4xx\LCD1602_I2C\EWARM\LCD1602_I2C\Obj\Application\User\Core\i2c.o"
#        "e:\IAR
#        projects\STM32F4xx\LCD1602_I2C\EWARM\LCD1602_I2C\Obj\LCD1602\lcd1602_i2c.o"
#        "e:\IAR
#        projects\STM32F4xx\LCD1602_I2C\EWARM\LCD1602_I2C\Obj\Application\User\Core\main.o"
#        "e:\IAR
#        projects\STM32F4xx\LCD1602_I2C\EWARM\LCD1602_I2C\Obj\Application\EWARM\startup_stm32f407xx.o"
#        "e:\IAR
#        projects\STM32F4xx\LCD1602_I2C\EWARM\LCD1602_I2C\Obj\Drivers\STM32F4xx_HAL_Driver\stm32f4xx_hal.o"
#        "e:\IAR
#        projects\STM32F4xx\LCD1602_I2C\EWARM\LCD1602_I2C\Obj\Drivers\STM32F4xx_HAL_Driver\stm32f4xx_hal_cortex.o"
#        "e:\IAR
#        projects\STM32F4xx\LCD1602_I2C\EWARM\LCD1602_I2C\Obj\Drivers\STM32F4xx_HAL_Driver\stm32f4xx_hal_dma.o"
#        "e:\IAR
#        projects\STM32F4xx\LCD1602_I2C\EWARM\LCD1602_I2C\Obj\Drivers\STM32F4xx_HAL_Driver\stm32f4xx_hal_dma_ex.o"
#        "e:\IAR
#        projects\STM32F4xx\LCD1602_I2C\EWARM\LCD1602_I2C\Obj\Drivers\STM32F4xx_HAL_Driver\stm32f4xx_hal_exti.o"
#        "e:\IAR
#        projects\STM32F4xx\LCD1602_I2C\EWARM\LCD1602_I2C\Obj\Drivers\STM32F4xx_HAL_Driver\stm32f4xx_hal_flash.o"
#        "e:\IAR
#        projects\STM32F4xx\LCD1602_I2C\EWARM\LCD1602_I2C\Obj\Drivers\STM32F4xx_HAL_Driver\stm32f4xx_hal_flash_ex.o"
#        "e:\IAR
#        projects\STM32F4xx\LCD1602_I2C\EWARM\LCD1602_I2C\Obj\Drivers\STM32F4xx_HAL_Driver\stm32f4xx_hal_flash_ramfunc.o"
#        "e:\IAR
#        projects\STM32F4xx\LCD1602_I2C\EWARM\LCD1602_I2C\Obj\Drivers\STM32F4xx_HAL_Driver\stm32f4xx_hal_gpio.o"
#        "e:\IAR
#        projects\STM32F4xx\LCD1602_I2C\EWARM\LCD1602_I2C\Obj\Drivers\STM32F4xx_HAL_Driver\stm32f4xx_hal_i2c.o"
#        "e:\IAR
#        projects\STM32F4xx\LCD1602_I2C\EWARM\LCD1602_I2C\Obj\Drivers\STM32F4xx_HAL_Driver\stm32f4xx_hal_i2c_ex.o"
#        "e:\IAR
#        projects\STM32F4xx\LCD1602_I2C\EWARM\LCD1602_I2C\Obj\Application\User\Core\stm32f4xx_hal_msp.o"
#        "e:\IAR
#        projects\STM32F4xx\LCD1602_I2C\EWARM\LCD1602_I2C\Obj\Drivers\STM32F4xx_HAL_Driver\stm32f4xx_hal_pwr.o"
#        "e:\IAR
#        projects\STM32F4xx\LCD1602_I2C\EWARM\LCD1602_I2C\Obj\Drivers\STM32F4xx_HAL_Driver\stm32f4xx_hal_pwr_ex.o"
#        "e:\IAR
#        projects\STM32F4xx\LCD1602_I2C\EWARM\LCD1602_I2C\Obj\Drivers\STM32F4xx_HAL_Driver\stm32f4xx_hal_rcc.o"
#        "e:\IAR
#        projects\STM32F4xx\LCD1602_I2C\EWARM\LCD1602_I2C\Obj\Drivers\STM32F4xx_HAL_Driver\stm32f4xx_hal_rcc_ex.o"
#        "e:\IAR
#        projects\STM32F4xx\LCD1602_I2C\EWARM\LCD1602_I2C\Obj\Drivers\STM32F4xx_HAL_Driver\stm32f4xx_hal_tim.o"
#        "e:\IAR
#        projects\STM32F4xx\LCD1602_I2C\EWARM\LCD1602_I2C\Obj\Drivers\STM32F4xx_HAL_Driver\stm32f4xx_hal_tim_ex.o"
#        "e:\IAR
#        projects\STM32F4xx\LCD1602_I2C\EWARM\LCD1602_I2C\Obj\Application\User\Core\stm32f4xx_it.o"
#        "e:\IAR
#        projects\STM32F4xx\LCD1602_I2C\EWARM\LCD1602_I2C\Obj\Drivers\CMSIS\system_stm32f4xx.o"
#        --no_out_extension -o "e:\IAR
#        projects\STM32F4xx\LCD1602_I2C\EWARM\LCD1602_I2C\Exe\LCD1602_I2C.out"
#        --redirect _Printf=_PrintfFullNoMb --redirect _Scanf=_ScanfFullNoMb
#        --map "e:\IAR
#        projects\STM32F4xx\LCD1602_I2C\EWARM\LCD1602_I2C\List\LCD1602_I2C.map"
#        --config "e:\IAR
#        projects\STM32F4xx\LCD1602_I2C\EWARM/stm32f407xx_flash.icf"
#        --semihosting --entry __iar_program_start --vfe --text_out locale)
#
###############################################################################

*******************************************************************************
*** RUNTIME MODEL ATTRIBUTES
***

CppFlavor       = *
__CPP_Runtime   = 1
__SystemLibrary = DLib
__dlib_version  = 6


*******************************************************************************
*** HEAP SELECTION
***

The basic heap was selected because no calls to memory allocation
functions were found in the application outside of system library
functions, and there are calls to deallocation functions in the
application.


*******************************************************************************
*** PLACEMENT SUMMARY
***

"A0":  place at address 0x800'0000 { ro section .intvec };
"P1":  place in [from 0x800'0000 to 0x80f'ffff] { ro };
define block CSTACK with size = 1K, alignment = 8 { };
define block HEAP with size = 512, alignment = 8 { };
"P2":  place in [from 0x2000'0000 to 0x2001'ffff] {
          rw, block CSTACK, block HEAP };
initialize by copy { rw };

  Section            Kind         Address    Size  Object
  -------            ----         -------    ----  ------
"A0":                                       0x188
  .intvec            ro code   0x800'0000   0x188  startup_stm32f407xx.o [1]
                             - 0x800'0188   0x188

"P1":                                      0x1bd0
  .text              ro code   0x800'0188   0x64e  stm32f4xx_hal_i2c.o [4]
  .text              ro code   0x800'07d6    0x2a  copy_init3.o [8]
  .text              ro code   0x800'0800    0xb8  i2c.o [2]
  .text              ro code   0x800'08b8   0x174  stm32f4xx_hal_rcc.o [4]
  .text              ro code   0x800'0a2c     0xc  stm32f4xx_hal.o [4]
  .text              ro code   0x800'0a38   0x160  main.o [2]
  .text              ro code   0x800'0b98    0x14  memset.o [8]
  .text              ro code   0x800'0bac   0x210  stm32f4xx_hal_gpio.o [4]
  .text              ro code   0x800'0dbc    0x80  stm32f4xx_hal_rcc.o [4]
  .text              ro code   0x800'0e3c    0x4c  stm32f4xx_hal.o [4]
  .text              ro code   0x800'0e88    0x34  stm32f4xx_hal.o [4]
  .text              ro code   0x800'0ebc    0x50  gpio.o [2]
  .text              ro code   0x800'0f0c   0x37e  lcd1602_i2c.o [5]
  .text              ro code   0x800'128c    0x28  stm32f4xx_hal.o [4]
  .text              ro code   0x800'12b4   0x3c4  stm32f4xx_hal_rcc.o [4]
  .text              ro code   0x800'1678    0x66  ABImemset.o [8]
  .text              ro code   0x800'16e0   0x230  I64DivMod.o [8]
  .text              ro code   0x800'1910   0x100  stm32f4xx_hal_cortex.o [4]
  .text              ro code   0x800'1a10    0x40  stm32f4xx_hal_msp.o [2]
  .text              ro code   0x800'1a50     0x2  I64DivZer.o [8]
  .text              ro code   0x800'1a52    0x38  zero_init3.o [8]
  .text              ro code   0x800'1a8c    0x28  data_init.o [8]
  .text              ro code   0x800'1ab4    0x22  fpinit_M.o [7]
  .iar.init_table    const     0x800'1ad8    0x24  - Linker created -
  .text              ro code   0x800'1afc    0x1e  cmain.o [8]
  .text              ro code   0x800'1b1a     0x4  low_level_init.o [6]
  .text              ro code   0x800'1b1e     0x4  exit.o [6]
  .text              ro code   0x800'1b24     0xa  cexit.o [8]
  .text              ro code   0x800'1b30    0x14  exit.o [9]
  .text              ro code   0x800'1b44    0x1c  cstartup_M.o [8]
  .text              ro code   0x800'1b60    0x18  stm32f4xx_hal.o [4]
  .text              ro code   0x800'1b78    0x18  stm32f4xx_it.o [2]
  .rodata            const     0x800'1b90    0x10  main.o [2]
  .rodata            const     0x800'1ba0    0x10  system_stm32f4xx.o [3]
  .text              ro code   0x800'1bb0    0x10  startup_stm32f407xx.o [1]
  .text              ro code   0x800'1bc0    0x10  system_stm32f4xx.o [3]
  .rodata            const     0x800'1bd0     0xc  main.o [2]
  .rodata            const     0x800'1bdc     0xc  main.o [2]
  .rodata            const     0x800'1be8     0xc  main.o [2]
  .rodata            const     0x800'1bf4     0xc  main.o [2]
  Initializer bytes  const     0x800'1c00     0xc  <for P2-1>
  .rodata            const     0x800'1c0c     0x8  system_stm32f4xx.o [3]
  .text              ro code   0x800'1c14     0x4  startup_stm32f407xx.o [1]
  .text              ro code   0x800'1c18     0x4  startup_stm32f407xx.o [1]
  .text              ro code   0x800'1c1c     0x4  startup_stm32f407xx.o [1]
  .text              ro code   0x800'1c20     0x4  startup_stm32f407xx.o [1]
  .text              ro code   0x800'1c24     0x4  startup_stm32f407xx.o [1]
  .text              ro code   0x800'1c28     0x4  startup_stm32f407xx.o [1]
  .text              ro code   0x800'1c2c     0x4  startup_stm32f407xx.o [1]
  .text              ro code   0x800'1c30     0x4  startup_stm32f407xx.o [1]
  .text              ro code   0x800'1c34     0x4  startup_stm32f407xx.o [1]
  .text              ro code   0x800'1c38     0x4  startup_stm32f407xx.o [1]
  .text              ro code   0x800'1c3c     0x4  startup_stm32f407xx.o [1]
  .text              ro code   0x800'1c40     0x4  startup_stm32f407xx.o [1]
  .text              ro code   0x800'1c44     0x4  startup_stm32f407xx.o [1]
  .text              ro code   0x800'1c48     0x4  startup_stm32f407xx.o [1]
  .text              ro code   0x800'1c4c     0x4  startup_stm32f407xx.o [1]
  .text              ro code   0x800'1c50     0x4  startup_stm32f407xx.o [1]
  .text              ro code   0x800'1c54     0x4  startup_stm32f407xx.o [1]
  .text              ro code   0x800'1c58     0x4  startup_stm32f407xx.o [1]
  .text              ro code   0x800'1c5c     0x4  startup_stm32f407xx.o [1]
  .text              ro code   0x800'1c60     0x4  startup_stm32f407xx.o [1]
  .text              ro code   0x800'1c64     0x4  startup_stm32f407xx.o [1]
  .text              ro code   0x800'1c68     0x4  startup_stm32f407xx.o [1]
  .text              ro code   0x800'1c6c     0x4  startup_stm32f407xx.o [1]
  .text              ro code   0x800'1c70     0x4  startup_stm32f407xx.o [1]
  .text              ro code   0x800'1c74     0x4  startup_stm32f407xx.o [1]
  .text              ro code   0x800'1c78     0x4  startup_stm32f407xx.o [1]
  .text              ro code   0x800'1c7c     0x4  startup_stm32f407xx.o [1]
  .text              ro code   0x800'1c80     0x4  startup_stm32f407xx.o [1]
  .text              ro code   0x800'1c84     0x4  startup_stm32f407xx.o [1]
  .text              ro code   0x800'1c88     0x4  startup_stm32f407xx.o [1]
  .text              ro code   0x800'1c8c     0x4  startup_stm32f407xx.o [1]
  .text              ro code   0x800'1c90     0x4  startup_stm32f407xx.o [1]
  .text              ro code   0x800'1c94     0x4  startup_stm32f407xx.o [1]
  .text              ro code   0x800'1c98     0x4  startup_stm32f407xx.o [1]
  .text              ro code   0x800'1c9c     0x4  startup_stm32f407xx.o [1]
  .text              ro code   0x800'1ca0     0x4  startup_stm32f407xx.o [1]
  .text              ro code   0x800'1ca4     0x4  startup_stm32f407xx.o [1]
  .text              ro code   0x800'1ca8     0x4  startup_stm32f407xx.o [1]
  .text              ro code   0x800'1cac     0x4  startup_stm32f407xx.o [1]
  .text              ro code   0x800'1cb0     0x4  startup_stm32f407xx.o [1]
  .text              ro code   0x800'1cb4     0x4  startup_stm32f407xx.o [1]
  .text              ro code   0x800'1cb8     0x4  startup_stm32f407xx.o [1]
  .text              ro code   0x800'1cbc     0x4  startup_stm32f407xx.o [1]
  .text              ro code   0x800'1cc0     0x4  startup_stm32f407xx.o [1]
  .text              ro code   0x800'1cc4     0x4  startup_stm32f407xx.o [1]
  .text              ro code   0x800'1cc8     0x4  startup_stm32f407xx.o [1]
  .text              ro code   0x800'1ccc     0x4  startup_stm32f407xx.o [1]
  .text              ro code   0x800'1cd0     0x4  startup_stm32f407xx.o [1]
  .text              ro code   0x800'1cd4     0x4  startup_stm32f407xx.o [1]
  .text              ro code   0x800'1cd8     0x4  startup_stm32f407xx.o [1]
  .text              ro code   0x800'1cdc     0x4  startup_stm32f407xx.o [1]
  .text              ro code   0x800'1ce0     0x4  startup_stm32f407xx.o [1]
  .text              ro code   0x800'1ce4     0x4  startup_stm32f407xx.o [1]
  .text              ro code   0x800'1ce8     0x4  startup_stm32f407xx.o [1]
  .text              ro code   0x800'1cec     0x4  startup_stm32f407xx.o [1]
  .text              ro code   0x800'1cf0     0x4  startup_stm32f407xx.o [1]
  .text              ro code   0x800'1cf4     0x4  startup_stm32f407xx.o [1]
  .text              ro code   0x800'1cf8     0x4  startup_stm32f407xx.o [1]
  .text              ro code   0x800'1cfc     0x4  startup_stm32f407xx.o [1]
  .text              ro code   0x800'1d00     0x4  startup_stm32f407xx.o [1]
  .text              ro code   0x800'1d04     0x4  startup_stm32f407xx.o [1]
  .text              ro code   0x800'1d08     0x4  startup_stm32f407xx.o [1]
  .text              ro code   0x800'1d0c     0x4  startup_stm32f407xx.o [1]
  .text              ro code   0x800'1d10     0x4  startup_stm32f407xx.o [1]
  .text              ro code   0x800'1d14     0x4  startup_stm32f407xx.o [1]
  .text              ro code   0x800'1d18     0x4  startup_stm32f407xx.o [1]
  .text              ro code   0x800'1d1c     0x4  startup_stm32f407xx.o [1]
  .text              ro code   0x800'1d20     0x4  startup_stm32f407xx.o [1]
  .text              ro code   0x800'1d24     0x4  startup_stm32f407xx.o [1]
  .text              ro code   0x800'1d28     0x4  startup_stm32f407xx.o [1]
  .text              ro code   0x800'1d2c     0x4  startup_stm32f407xx.o [1]
  .text              ro code   0x800'1d30     0x4  startup_stm32f407xx.o [1]
  .text              ro code   0x800'1d34     0x4  startup_stm32f407xx.o [1]
  .text              ro code   0x800'1d38     0x4  startup_stm32f407xx.o [1]
  .text              ro code   0x800'1d3c     0x4  startup_stm32f407xx.o [1]
  .text              ro code   0x800'1d40     0x4  startup_stm32f407xx.o [1]
  .text              ro code   0x800'1d44     0x4  startup_stm32f407xx.o [1]
  .text              ro code   0x800'1d48     0x4  startup_stm32f407xx.o [1]
  .text              ro code   0x800'1d4c     0x4  startup_stm32f407xx.o [1]
  .text              ro code   0x800'1d50     0x4  startup_stm32f407xx.o [1]
  .text              ro code   0x800'1d54     0x4  startup_stm32f407xx.o [1]
  .rodata            const     0x800'1d58     0x0  zero_init3.o [8]
  .rodata            const     0x800'1d58     0x0  copy_init3.o [8]
                             - 0x800'1d58  0x1bd0

"P2", part 1 of 3:                            0xc
  P2-1                        0x2000'0000     0x9  <Init block>
    .data            inited   0x2000'0000     0x4  stm32f4xx_hal.o [4]
    .data            inited   0x2000'0004     0x4  system_stm32f4xx.o [3]
    .data            inited   0x2000'0008     0x1  stm32f4xx_hal.o [4]
                            - 0x2000'0009     0x9

"P2", part 2 of 3:                           0x68
  .bss               zero     0x2000'000c    0x54  i2c.o [2]
  .bss               zero     0x2000'0060    0x10  main.o [2]
  .bss               zero     0x2000'0070     0x4  stm32f4xx_hal.o [4]
                            - 0x2000'0074    0x68

"P2", part 3 of 3:                          0x400
  CSTACK                      0x2000'0078   0x400  <Block>
    CSTACK           uninit   0x2000'0078   0x400  <Block tail>
                            - 0x2000'0478   0x400

Unused ranges:

         From           To      Size
         ----           --      ----
   0x800'1d58   0x80f'ffff  0xf'e2a8
  0x2000'0074  0x2000'0077       0x4
  0x2000'0478  0x2001'ffff  0x1'fb88


*******************************************************************************
*** INIT TABLE
***

          Address      Size
          -------      ----
Zero (__iar_zero_init3)
    1 destination range, total size 0x68:
          0x2000'000c  0x68

Copy (__iar_copy_init3)
    1 source range, total size 0xc (133% of destination):
           0x800'1c00   0xc
    1 destination range, total size 0x9:
          0x2000'0000   0x9



*******************************************************************************
*** MODULE SUMMARY
***

    Module                  ro code  ro data  rw data
    ------                  -------  -------  -------
command line/config:
    -------------------------------------------------
    Total:

e:\IAR projects\STM32F4xx\LCD1602_I2C\EWARM\LCD1602_I2C\Obj\Application\EWARM: [1]
    startup_stm32f407xx.o       732
    -------------------------------------------------
    Total:                      732

e:\IAR projects\STM32F4xx\LCD1602_I2C\EWARM\LCD1602_I2C\Obj\Application\User\Core: [2]
    gpio.o                       80
    i2c.o                       184                84
    main.o                      352       64       16
    stm32f4xx_hal_msp.o          64
    stm32f4xx_it.o               24
    -------------------------------------------------
    Total:                      704       64      100

e:\IAR projects\STM32F4xx\LCD1602_I2C\EWARM\LCD1602_I2C\Obj\Drivers\CMSIS: [3]
    system_stm32f4xx.o           16       28        4
    -------------------------------------------------
    Total:                       16       28        4

e:\IAR projects\STM32F4xx\LCD1602_I2C\EWARM\LCD1602_I2C\Obj\Drivers\STM32F4xx_HAL_Driver: [4]
    stm32f4xx_hal.o             204        5        9
    stm32f4xx_hal_cortex.o      256
    stm32f4xx_hal_gpio.o        528
    stm32f4xx_hal_i2c.o       1'614
    stm32f4xx_hal_rcc.o       1'464
    -------------------------------------------------
    Total:                    4'066        5        9

e:\IAR projects\STM32F4xx\LCD1602_I2C\EWARM\LCD1602_I2C\Obj\LCD1602: [5]
    lcd1602_i2c.o               894
    -------------------------------------------------
    Total:                      894

dl7M_tln.a: [6]
    exit.o                        4
    low_level_init.o              4
    -------------------------------------------------
    Total:                        8

m7M_tls.a: [7]
    fpinit_M.o                   34
    -------------------------------------------------
    Total:                       34

rt7M_tl.a: [8]
    ABImemset.o                 102
    I64DivMod.o                 560
    I64DivZer.o                   2
    cexit.o                      10
    cmain.o                      30
    copy_init3.o                 42
    cstartup_M.o                 28
    data_init.o                  40
    memset.o                     20
    zero_init3.o                 56
    -------------------------------------------------
    Total:                      890

shb_l.a: [9]
    exit.o                       20
    -------------------------------------------------
    Total:                       20

    Gaps                         10        2
    Linker created                        39    1'024
-----------------------------------------------------
    Grand Total:              7'374      138    1'137


*******************************************************************************
*** ENTRY LIST
***

Entry                       Address   Size  Type      Object
-----                       -------   ----  ----      ------
.iar.init_table$$Base    0x800'1ad8          --   Gb  - Linker created -
.iar.init_table$$Limit   0x800'1afc          --   Gb  - Linker created -
?main                    0x800'1afd         Code  Gb  cmain.o [8]
AHBPrescTable            0x800'1ba0   0x10  Data  Gb  system_stm32f4xx.o [3]
APBPrescTable            0x800'1c0c    0x8  Data  Gb  system_stm32f4xx.o [3]
BusFault_Handler         0x800'1b7f    0x2  Code  Gb  stm32f4xx_it.o [2]
CSTACK$$Base            0x2000'0078          --   Gb  - Linker created -
CSTACK$$Limit           0x2000'0478          --   Gb  - Linker created -
CtrlPinsRequest          0x800'11a9   0x1a  Code  Gb  lcd1602_i2c.o [5]
Data_Write               0x800'1227   0x64  Code  Gb  lcd1602_i2c.o [5]
DebugMon_Handler         0x800'1b85    0x2  Code  Gb  stm32f4xx_it.o [2]
E_Pin                    0x800'1179   0x30  Code  Gb  lcd1602_i2c.o [5]
Error_Handler            0x800'0b95    0x4  Code  Gb  main.o [2]
HAL_Delay                0x800'128d   0x28  Code  Wk  stm32f4xx_hal.o [4]
HAL_GPIO_Init            0x800'0bad  0x1d6  Code  Gb  stm32f4xx_hal_gpio.o [4]
HAL_GetTick              0x800'0a2d    0xc  Code  Wk  stm32f4xx_hal.o [4]
HAL_I2C_Init             0x800'0189  0x1d0  Code  Gb  stm32f4xx_hal_i2c.o [4]
HAL_I2C_Master_Transmit
                         0x800'0359  0x16c  Code  Gb  stm32f4xx_hal_i2c.o [4]
HAL_I2C_MspInit          0x800'0839   0x68  Code  Gb  i2c.o [2]
HAL_IncTick              0x800'1b61   0x18  Code  Wk  stm32f4xx_hal.o [4]
HAL_Init                 0x800'0e89   0x30  Code  Gb  stm32f4xx_hal.o [4]
HAL_InitTick             0x800'0e3d   0x4c  Code  Wk  stm32f4xx_hal.o [4]
HAL_MspInit              0x800'1a11   0x40  Code  Gb  stm32f4xx_hal_msp.o [2]
HAL_NVIC_SetPriority     0x800'19cb   0x22  Code  Gb  stm32f4xx_hal_cortex.o [4]
HAL_NVIC_SetPriorityGrouping
                         0x800'19c3    0x8  Code  Gb  stm32f4xx_hal_cortex.o [4]
HAL_RCC_ClockConfig      0x800'08b9  0x13a  Code  Gb  stm32f4xx_hal_rcc.o [4]
HAL_RCC_GetHCLKFreq      0x800'09f3    0x6  Code  Gb  stm32f4xx_hal_rcc.o [4]
HAL_RCC_GetPCLK1Freq     0x800'09f9   0x16  Code  Gb  stm32f4xx_hal_rcc.o [4]
HAL_RCC_OscConfig        0x800'12b5  0x3c4  Code  Wk  stm32f4xx_hal_rcc.o [4]
HAL_SYSTICK_Config       0x800'19ed    0x8  Code  Gb  stm32f4xx_hal_cortex.o [4]
HardFault_Handler        0x800'1b7b    0x2  Code  Gb  stm32f4xx_it.o [2]
I2C_IsAcknowledgeFailed
                         0x800'07a1   0x36  Code  Lc  stm32f4xx_hal_i2c.o [4]
I2C_MasterRequestWrite   0x800'04e5   0xbc  Code  Lc  stm32f4xx_hal_i2c.o [4]
I2C_WaitOnBTFFlagUntilTimeout
                         0x800'073d   0x58  Code  Lc  stm32f4xx_hal_i2c.o [4]
I2C_WaitOnFlagUntilTimeout
                         0x800'05a1   0x8a  Code  Lc  stm32f4xx_hal_i2c.o [4]
I2C_WaitOnMasterAddressFlagUntilTimeout
                         0x800'062b   0xba  Code  Lc  stm32f4xx_hal_i2c.o [4]
I2C_WaitOnTXEFlagUntilTimeout
                         0x800'06e5   0x58  Code  Lc  stm32f4xx_hal_i2c.o [4]
Instruction_Write        0x800'11c3   0x64  Code  Gb  lcd1602_i2c.o [5]
MX_GPIO_Init             0x800'0ebd   0x50  Code  Gb  gpio.o [2]
MX_I2C1_Init             0x800'0801   0x38  Code  Gb  i2c.o [2]
MemManage_Handler        0x800'1b7d    0x2  Code  Gb  stm32f4xx_it.o [2]
NMI_Handler              0x800'1b79    0x2  Code  Gb  stm32f4xx_it.o [2]
NVIC_EncodePriority      0x800'1959   0x3c  Code  Lc  stm32f4xx_hal_cortex.o [4]
PendSV_Handler           0x800'1b87    0x2  Code  Gb  stm32f4xx_it.o [2]
RS_Pin                   0x800'1119   0x30  Code  Gb  lcd1602_i2c.o [5]
RW_Pin                   0x800'1149   0x30  Code  Gb  lcd1602_i2c.o [5]
Region$$Table$$Base      0x800'1ad8          --   Gb  - Linker created -
Region$$Table$$Limit     0x800'1afc          --   Gb  - Linker created -
SVC_Handler              0x800'1b83    0x2  Code  Gb  stm32f4xx_it.o [2]
SysTick_Config           0x800'1995   0x2e  Code  Lc  stm32f4xx_hal_cortex.o [4]
SysTick_Handler          0x800'1b89    0x8  Code  Gb  stm32f4xx_it.o [2]
SystemClock_Config       0x800'0acb   0xa6  Code  Gb  main.o [2]
SystemCoreClock         0x2000'0004    0x4  Data  Gb  system_stm32f4xx.o [3]
SystemInit               0x800'1bc1    0xc  Code  Gb  system_stm32f4xx.o [3]
UsageFault_Handler       0x800'1b81    0x2  Code  Gb  stm32f4xx_it.o [2]
__NVIC_GetPriorityGrouping
                         0x800'192b    0xa  Code  Lc  stm32f4xx_hal_cortex.o [4]
__NVIC_SetPriority       0x800'1935   0x24  Code  Lc  stm32f4xx_hal_cortex.o [4]
__NVIC_SetPriorityGrouping
                         0x800'1911   0x1a  Code  Lc  stm32f4xx_hal_cortex.o [4]
__aeabi_ldiv0            0x800'1a51         Code  Gb  I64DivZer.o [8]
__aeabi_memset           0x800'1679         Code  Gb  ABImemset.o [8]
__aeabi_uldivmod         0x800'16e1         Code  Gb  I64DivMod.o [8]
__cmain                  0x800'1afd         Code  Gb  cmain.o [8]
__exit                   0x800'1b31   0x14  Code  Gb  exit.o [9]
__iar_Memset             0x800'1679         Code  Gb  ABImemset.o [8]
__iar_Memset_word        0x800'1681         Code  Gb  ABImemset.o [8]
__iar_copy_init3         0x800'07d7   0x2a  Code  Gb  copy_init3.o [8]
__iar_data_init3         0x800'1a8d   0x28  Code  Gb  data_init.o [8]
__iar_init_vfp           0x800'1ab5         Code  Gb  fpinit_M.o [7]
__iar_program_start      0x800'1b45         Code  Gb  cstartup_M.o [8]
__iar_zero_init3         0x800'1a53   0x38  Code  Gb  zero_init3.o [8]
__low_level_init         0x800'1b1b    0x4  Code  Gb  low_level_init.o [6]
__vector_table           0x800'0000         Data  Gb  startup_stm32f407xx.o [1]
_call_main               0x800'1b09         Code  Gb  cmain.o [8]
_exit                    0x800'1b25         Code  Gb  cexit.o [8]
exit                     0x800'1b1f    0x4  Code  Gb  exit.o [6]
hi2c1                   0x2000'000c   0x54  Data  Gb  i2c.o [2]
lcd1602_Clear            0x800'1053   0x26  Code  Gb  lcd1602_i2c.o [5]
lcd1602_Display          0x800'1079   0x4c  Code  Gb  lcd1602_i2c.o [5]
lcd1602_DisplayShift     0x800'10eb   0x2e  Code  Gb  lcd1602_i2c.o [5]
lcd1602_Handle          0x2000'0060   0x10  Data  Gb  main.o [2]
lcd1602_Init             0x800'0f0d   0xf0  Code  Gb  lcd1602_i2c.o [5]
lcd1602_LED              0x800'10c5   0x26  Code  Gb  lcd1602_i2c.o [5]
lcd1602_Print            0x800'0ffd   0x2a  Code  Gb  lcd1602_i2c.o [5]
lcd1602_SetCursor        0x800'1027   0x2c  Code  Gb  lcd1602_i2c.o [5]
main                     0x800'0a39   0x92  Code  Gb  main.o [2]
memset                   0x800'0b99   0x14  Code  Gb  memset.o [8]
uwTick                  0x2000'0070    0x4  Data  Gb  stm32f4xx_hal.o [4]
uwTickFreq              0x2000'0008    0x1  Data  Gb  stm32f4xx_hal.o [4]
uwTickPrio              0x2000'0000    0x4  Data  Gb  stm32f4xx_hal.o [4]


[1] = e:\IAR projects\STM32F4xx\LCD1602_I2C\EWARM\LCD1602_I2C\Obj\Application\EWARM
[2] = e:\IAR projects\STM32F4xx\LCD1602_I2C\EWARM\LCD1602_I2C\Obj\Application\User\Core
[3] = e:\IAR projects\STM32F4xx\LCD1602_I2C\EWARM\LCD1602_I2C\Obj\Drivers\CMSIS
[4] = e:\IAR projects\STM32F4xx\LCD1602_I2C\EWARM\LCD1602_I2C\Obj\Drivers\STM32F4xx_HAL_Driver
[5] = e:\IAR projects\STM32F4xx\LCD1602_I2C\EWARM\LCD1602_I2C\Obj\LCD1602
[6] = dl7M_tln.a
[7] = m7M_tls.a
[8] = rt7M_tl.a
[9] = shb_l.a

  7'374 bytes of readonly  code memory
    138 bytes of readonly  data memory
  1'137 bytes of readwrite data memory

Errors: none
Warnings: none
